=== RUN   TestMigration_Demote
DEBUG msg=creating indexdb pebble in path /tmp/TestMigration_Demote3082527407/001/.indexdb
INFO msg=start sync load metadata from /tmp/TestMigration_Demote3082527407/001
DEBUG msg=start evict goroutine for /tmp/TestMigration_Demote3082527407/001
INFO msg=bucket /tmp/TestMigration_Demote3082527407/001 sync load metadata(0/chunk-0) done. per-second 0(0)/s
WARN msg=save kvstore domain example.com failed
DEBUG: Store key=70a795040196e0c71f996ec16dfa483836b89be1
WARN msg=save kvstore domain example.com failed
DEBUG: Store key=26e275929bf618237a8822a813691e0cdd5eedd0
WARN msg=save kvstore domain example.com failed
DEBUG: Store key=3273aa13f91c546052fd022c9fd62c77ea427e6b
WARN msg=save kvstore domain example.com failed
DEBUG: Store key=8dbe51f198d92f2dc32eb6cce37a01f54fb5c7d4
WARN msg=save kvstore domain example.com failed
DEBUG: Store key=b866416f480b7677ea261c4fe90dab491f425420
    disk_migration_test.go:147: 
        	Error Trace:	/home/sendya/work/github/omalloc/tavern/storage/bucket/disk/disk_migration_test.go:147
        	Error:      	Should have called with given arguments
        	Test:       	TestMigration_Demote
        	Messages:   	Expected "Demote" to have been called with:
        	            	[mock.Anything mock.Anything mock.Anything]
        	            	but no actual calls happened
--- FAIL: TestMigration_Demote (3.00s)
FAIL
FAIL	github.com/omalloc/tavern/storage/bucket/disk	3.007s
FAIL
